{
  "status": "synthetic_multimodal_integration_passed",
  "data_kind": "synthetic",
  "meteorologically_validated": false,
  "cells": 42,
  "profile_levels": 37,
  "lead_hours": [
    0,
    3,
    6,
    9,
    12,
    15,
    18,
    21,
    24,
    27,
    30,
    33,
    36,
    39,
    42,
    45,
    48,
    51,
    54,
    57,
    60,
    63,
    66,
    69,
    72
  ],
  "optimizer_steps": 2,
  "loss": [
    1.1086792945861816,
    1.0732945203781128
  ],
  "nonzero_finite_gradients": {
    "sparse_encoder": 0.04903139272937551,
    "source_fusion": 1.6681184815242887,
    "vertical_compress": 96.38978910446167,
    "graph_processor": 32.68065823428333,
    "vertical_decode": 137.28491950035095,
    "profile_head": 8.595305800437927,
    "surface_head": 20.92643141746521,
    "synthetic_0": 0.29165131838817615,
    "synthetic_1": 0.30149523087129637,
    "synthetic_2": 0.4774777066140814,
    "synthetic_3": 0.19861948257312179
  },
  "checkpoint_reproduces_rollout": true,
  "checkpoint_sha256": "1dc5b133b2d60b5d3bf0d40b6537b2cc710c7cb691bd874a1105e150b915fcaf",
  "real_downloads_performed": false
}
