........................................................................ [ 68%]
.................................                                        [100%]
=============================== warnings summary ===============================
tests/test_ecosystem.py: 18 warnings
  /home/user/global-ml-weather/.venv/lib/python3.11/site-packages/rasterio/transform.py:178: PendingDeprecationWarning: Use `@` matmul instead of `*` mul operator for matrix multiplication
    return Affine.translation(west, north) * Affine.scale(xsize, -ysize)

tests/test_ecosystem.py: 11 warnings
  /home/user/global-ml-weather-r8-v2/global_weather/connectors/raster_bridge.py:70: PendingDeprecationWarning: Use `@` matmul instead of `*` mul operator for matrix multiplication
    xx, yy = ds.transform*(xx+.5, yy+.5)

tests/test_pipeline.py::test_arrays_reject_objects_and_duplicate_members
  /usr/lib/python3.11/zipfile.py:1556: UserWarning: Duplicate name: 'x.npy'
    return self._open_to_write(zinfo, force_zip64=force_zip64)

tests/test_pipeline.py::test_era5_precipitation_uses_all_hours_and_explicit_units
  <frozen importlib._bootstrap>:241: RuntimeWarning: numpy.ndarray size changed, may indicate binary incompatibility. Expected 16 from C header, got 96 from PyObject

tests/test_pipeline.py::test_adaptive_pipeline_train_resume_evaluate_and_no_target_forecast
  /home/user/global-ml-weather-r8-v2/global_weather/model.py:34: UserWarning: Sparse invariant checks are implicitly disabled. Memory errors (e.g. SEGFAULT) will occur when operating on a sparse tensor which violates the invariants, but checks incur performance overhead. To silence this warning, explicitly opt in or out. See `torch.sparse.check_sparse_tensor_invariants.__doc__` for guidance.  (Triggered internally at /pytorch/aten/src/ATen/Context.cpp:760.)
    adjacency = torch.sparse_coo_tensor(torch.tensor(np.stack([dst,src])),

tests/test_pipeline.py::test_pipeline_ui_requires_csrf_and_bounded_dataset
  /home/user/global-ml-weather/.venv/lib/python3.11/site-packages/fastapi/testclient.py:1: StarletteDeprecationWarning: Using `httpx` with `starlette.testclient` is deprecated; install `httpx2` instead.
    from starlette.testclient import TestClient as TestClient  # noqa

-- Docs: https://docs.pytest.org/en/stable/how-to/capture-warnings.html
105 passed, 33 warnings in 20.15s
